12:05:49 **** Auto Build of configuration Debug for project hello_world ****
make pre-build main-build 
a9-linaro-pre-build-step
' '
'Building file: ../src/feedfarword.c'
'Invoking: ARM v7 gcc compiler'
arm-none-eabi-gcc -Wall -O0 -g3 -c -fmessage-length=0 -MT"src/feedfarword.o" -mcpu=cortex-a9 -mfpu=vfpv3 -mfloat-abi=hard -I../../hello_world_bsp/ps7_cortexa9_0/include -MMD -MP -MF"src/feedfarword.d" -MT"src/feedfarword.o" -o "src/feedfarword.o" "../src/feedfarword.c"
'Finished building: ../src/feedfarword.c'
' '
'Building target: hello_world.elf'
'Invoking: ARM v7 gcc linker'
arm-none-eabi-gcc -mcpu=cortex-a9 -mfpu=vfpv3 -mfloat-abi=hard -Wl,-build-id=none -specs=Xilinx.spec -Wl,-T -Wl,../src/lscript.ld -L../../hello_world_bsp/ps7_cortexa9_0/lib -o "hello_world.elf"  ./src/feedfarword.o ./src/platform.o   -lm -Wl,--start-group,-lxil,-lgcc,-lc,--end-group
'Finished building target: hello_world.elf'
' '
'Invoking: ARM v7 Print Size'
arm-none-eabi-size hello_world.elf  |tee "hello_world.elf.size"
   text	   data	    bss	    dec	    hex	filename
  72748	 101156	  23328	 197232	  30270	hello_world.elf
'Finished building: hello_world.elf.size'
' '

12:05:50 Build Finished (took 1s.53ms)

